============================= test session starts ==============================
platform darwin -- Python 3.11.12, pytest-8.3.5, pluggy-1.5.0 -- /Users/kennydao/cre8rflow_v11/.venv/bin/python
cachedir: .pytest_cache
rootdir: /Users/kennydao/cre8rflow_v11
plugins: anyio-4.9.0
collecting ... collected 120 items

tests/test_command_executor.py::test_execute_cut_command PASSED          [  0%]
tests/test_command_executor.py::test_execute_add_text_command PASSED     [  1%]
tests/test_command_executor.py::test_execute_trim_command PASSED         [  2%]
tests/test_command_executor.py::test_execute_join_command PASSED         [  3%]
tests/test_command_executor.py::test_execute_fade_command PASSED         [  4%]
tests/test_command_executor.py::test_execute_overlay_command PASSED      [  5%]
tests/test_command_executor.py::test_execute_trim_command_audio PASSED   [  5%]
tests/test_command_executor.py::test_execute_join_command_subtitle PASSED [  6%]
tests/test_command_executor.py::test_execute_trim_command_effect PASSED  [  7%]
tests/test_command_executor.py::test_execute_cut_command_audio PASSED    [  8%]
tests/test_command_executor.py::test_execute_join_command_audio PASSED   [  9%]
tests/test_command_executor.py::test_execute_join_command_effect PASSED  [ 10%]
tests/test_command_executor.py::test_execute_group_cut_command_video PASSED [ 10%]
tests/test_command_executor.py::test_execute_group_cut_command_audio PASSED [ 11%]
tests/test_command_executor.py::test_execute_cut_last_clip PASSED        [ 12%]
tests/test_command_executor.py::test_execute_trim_first_clip PASSED      [ 13%]
tests/test_command_executor.py::test_execute_cut_clip_named PASSED       [ 14%]
tests/test_command_executor.py::test_execute_cut_second_clip PASSED      [ 15%]
tests/test_command_executor.py::test_execute_trim_third_audio_clip PASSED [ 15%]
tests/test_command_executor.py::test_execute_cut_4th_subtitle_clip PASSED [ 16%]
tests/test_command_executor.py::test_command_history_and_undo_redo PASSED [ 17%]
tests/test_command_executor.py::test_command_history_save_to_file PASSED [ 18%]
tests/test_command_executor.py::test_command_history_load_from_file PASSED [ 19%]
tests/test_command_metrics.py::test_intent_recognition_accuracy PASSED   [ 20%]
tests/test_command_parser.py::test_cut_command PASSED                    [ 20%]
tests/test_command_parser.py::test_cut_natural_references PASSED         [ 21%]
tests/test_command_parser.py::test_cut_natural_time_expression PASSED    [ 22%]
tests/test_command_parser.py::test_add_text_command_full PASSED          [ 23%]
tests/test_command_parser.py::test_add_text_command_simple PASSED        [ 24%]
tests/test_command_parser.py::test_unknown_command PASSED                [ 25%]
tests/test_command_parser.py::test_timeline_load_video PASSED            [ 25%]
tests/test_command_parser.py::test_timeline_trim_clip PASSED             [ 26%]
tests/test_command_parser.py::test_timeline_join_clips PASSED            [ 27%]
tests/test_command_parser.py::test_timeline_add_transition PASSED        [ 28%]
tests/test_command_parser.py::test_intent_recognition PASSED             [ 29%]
tests/test_command_parser.py::test_entity_extraction PASSED              [ 30%]
tests/test_command_parser.py::test_validate_command PASSED               [ 30%]
tests/test_command_parser.py::test_feedback_for_command PASSED           [ 31%]
tests/test_command_parser.py::test_trim_command PASSED                   [ 32%]
tests/test_command_parser.py::test_trim_command_negative PASSED          [ 33%]
tests/test_command_parser.py::test_join_command PASSED                   [ 34%]
tests/test_command_parser.py::test_overlay_command PASSED                [ 35%]
tests/test_command_parser.py::test_overlay_command_negative PASSED       [ 35%]
tests/test_command_parser.py::test_fade_command PASSED                   [ 36%]
tests/test_command_parser.py::test_fade_natural_references PASSED        [ 37%]
tests/test_command_parser.py::test_trim_command_positive PASSED          [ 38%]
tests/test_command_parser.py::test_join_command_positive PASSED          [ 39%]
tests/test_command_parser.py::test_join_command_negative PASSED          [ 40%]
tests/test_command_parser.py::test_fade_command_positive PASSED          [ 40%]
tests/test_command_parser.py::test_fade_command_negative PASSED          [ 41%]
tests/test_command_parser.py::test_timeline_trim_clip_audio PASSED       [ 42%]
tests/test_command_parser.py::test_timeline_trim_clip_subtitle PASSED    [ 43%]
tests/test_command_parser.py::test_timeline_trim_clip_effect PASSED      [ 44%]
tests/test_command_parser.py::test_timeline_join_clips_audio PASSED      [ 45%]
tests/test_command_parser.py::test_timeline_join_clips_subtitle PASSED   [ 45%]
tests/test_command_parser.py::test_timeline_join_clips_effect PASSED     [ 46%]
tests/test_command_parser.py::test_timeline_add_transition_audio PASSED  [ 47%]
tests/test_command_parser.py::test_timeline_add_transition_subtitle PASSED [ 48%]
tests/test_command_parser.py::test_timeline_add_transition_effect PASSED [ 49%]
tests/test_command_parser.py::test_group_cut_command_video PASSED        [ 50%]
tests/test_command_parser.py::test_group_cut_command_audio PASSED        [ 50%]
tests/test_command_parser.py::test_group_cut_command_subtitle PASSED     [ 51%]
tests/test_command_parser.py::test_group_cut_command_effect PASSED       [ 52%]
tests/test_command_parser.py::test_split_command PASSED                  [ 53%]
tests/test_command_parser.py::test_divide_command PASSED                 [ 54%]
tests/test_command_parser.py::test_slice_command PASSED                  [ 55%]
tests/test_command_parser.py::test_merge_command PASSED                  [ 55%]
tests/test_command_parser.py::test_combine_command PASSED                [ 56%]
tests/test_command_parser.py::test_shorten_command PASSED                [ 57%]
tests/test_command_parser.py::test_crop_command PASSED                   [ 58%]
tests/test_command_parser.py::test_reduce_command PASSED                 [ 59%]
tests/test_command_parser.py::test_add_text_multiword_quoted PASSED      [ 60%]
tests/test_command_parser.py::test_add_text_multiword_unquoted PASSED    [ 60%]
tests/test_command_parser.py::test_overlay_command_synonyms PASSED       [ 61%]
tests/test_command_parser.py::test_cut_command_synonyms PASSED           [ 62%]
tests/test_command_parser.py::test_trim_command_synonyms PASSED          [ 63%]
tests/test_command_parser.py::test_join_command_synonyms PASSED          [ 64%]
tests/test_command_parser.py::test_fade_command_synonyms PASSED          [ 65%]
tests/test_command_parser.py::test_trim_natural_references PASSED        [ 65%]
tests/test_command_parser.py::test_join_natural_references PASSED        [ 66%]
tests/test_command_parser.py::test_overlay_natural_references PASSED     [ 67%]
tests/test_command_parser.py::test_overlay_in_preposition PASSED         [ 68%]
tests/test_command_parser.py::test_trim_contextual_pronouns PASSED       [ 69%]
tests/test_command_parser.py::test_cut_contextual_pronouns PASSED        [ 70%]
tests/test_command_parser.py::test_fade_contextual_pronouns PASSED       [ 70%]
tests/test_command_parser.py::test_join_contextual_pronouns PASSED       [ 71%]
tests/test_command_parser.py::test_overlay_contextual_pronouns PASSED    [ 72%]
tests/test_command_parser.py::test_add_text_contextual_pronouns PASSED   [ 73%]
tests/test_command_parser.py::test_trim_natural_time_expression PASSED   [ 74%]
tests/test_command_parser.py::test_add_text_natural_time_expression PASSED [ 75%]
tests/test_command_parser.py::test_fade_natural_time_expression PASSED   [ 75%]
tests/test_command_parser.py::test_combined_commands PASSED              [ 76%]
tests/test_entity_extraction_metrics.py::test_entity_extraction_accuracy PASSED [ 77%]
tests/test_timeline.py::test_timeline_json_serialization PASSED          [ 78%]
tests/test_timeline.py::test_timeline_extensible_custom_effect PASSED    [ 79%]
tests/test_timeline.py::test_compound_clip_basic PASSED                  [ 80%]
tests/test_timeline.py::test_compound_clip_nested_and_serialization PASSED [ 80%]
tests/test_timeline.py::test_timeline_with_compound_clip_serialization PASSED [ 81%]
tests/test_timeline.py::test_timeline_with_nested_compound_clip_serialization PASSED [ 82%]
tests/test_timeline.py::test_trim_nested_clip_in_compound PASSED         [ 83%]
tests/test_timeline.py::test_remove_nested_clip_in_compound PASSED       [ 84%]
tests/test_timeline.py::test_join_nested_clips_in_compound PASSED        [ 85%]
tests/test_timeline.py::test_add_transition_between_nested_clips_in_compound PASSED [ 85%]
tests/test_timeline.py::test_move_nested_clip_to_another_track PASSED    [ 86%]
tests/test_timeline.py::test_remove_clip_by_index_nested PASSED          [ 87%]
tests/test_timeline_tracks.py::test_timeline_initializes_with_all_track_types PASSED [ 88%]
tests/test_timeline_tracks.py::test_track_add_clip_sequential_enforcement PASSED [ 89%]
tests/test_timeline_tracks.py::test_timeline_add_clip_sequential_enforcement PASSED [ 90%]
tests/test_timeline_tracks.py::test_timeline_remove_clip_by_name_and_index PASSED [ 90%]
tests/test_timeline_tracks.py::test_timeline_move_clip_between_tracks PASSED [ 91%]
tests/test_timeline_tracks.py::test_timeline_add_track PASSED            [ 92%]
tests/test_timeline_tracks.py::test_timeline_remove_track PASSED         [ 93%]
tests/test_timeline_tracks.py::test_videoclip_add_and_remove_effects PASSED [ 94%]
tests/test_utils.py::test_parse_natural_time_expression_numeric PASSED   [ 95%]
tests/test_utils.py::test_parse_natural_time_expression_words PASSED     [ 95%]
tests/test_utils.py::test_parse_natural_time_expression_fractions PASSED [ 96%]
tests/test_utils.py::test_parse_natural_time_expression_relative PASSED  [ 97%]
tests/test_utils.py::test_parse_natural_time_expression_edge_cases PASSED [ 98%]
tests/test_utils.py::test_parse_natural_time_expression_failure PASSED   [ 99%]
tests/test_validation_metrics.py::test_validation_accuracy PASSED        [100%]

============================= 120 passed in 4.15s ==============================
